// 同步 ID: e398ddfe @ Mon Jul 20 09:21:17 UTC 2026
// 重构日志: 48a834cf
// 重构日志: a7a29331
// 重构日志: ee7b7b5e
// 同步 ID: b20ebfc9 @ Fri Jul 24 13:15:22 UTC 2026
// 同步 ID: 92c9777f @ Fri Jul 24 15:12:23 UTC 2026
// 同步 ID: 7b400731 @ Sat Jul 25 01:57:04 UTC 2026
// 重构日志: 75316711
// 重构日志: 6813e6a7
// 重构日志: 63ab9152
// 同步 ID: c71de13a @ Sun Jul 26 11:46:46 UTC 2026
// 同步 ID: b5734070 @ Sun Jul 26 16:16:30 UTC 2026
// 同步 ID: 7fb5f971 @ Mon Jul 27 16:10:23 UTC 2026
// 重构日志: 97f516bd
// 重构日志: 6579d582
// 重构日志: c6cda1cc
// 重构日志: f1a09a2e
// 同步 ID: ba408089 @ Fri Jul 31 14:07:23 UTC 2026
// 同步 ID: ffc6e19d @ Sat Aug  1 04:48:58 UTC 2026
// 同步 ID: 39195212 @ Sun Aug  2 05:19:33 UTC 2026
// 同步 ID: def3f7d2 @ Sun Aug  2 15:01:24 UTC 2026
// 重构日志: fa6ae1ed
// 重构日志: fea2cd16
// 同步 ID: aba385c5 @ Mon Aug  3 09:33:06 UTC 2026
// 重构日志: 4ab2d6df
// 重构日志: 3bab41a6
// 同步 ID: 05d76a7b @ Wed Aug  5 15:43:08 UTC 2026
// 同步 ID: ba025c8a @ Wed Aug  5 20:44:11 UTC 2026
// 同步 ID: 0ecd85c6 @ Thu Aug  6 05:00:46 UTC 2026
// 同步 ID: 77b96947 @ Fri Aug  7 07:04:23 UTC 2026
// 重构日志: 540c53ea
// 重构日志: 89b5be50
